End of test : test_parse_integer_literal
End of test : test_parse_floating_literal
End of test : test_parse_bit_literal
End of test : test_parse_constant
End of test : test_parse_constant
End of test : test_parse_constant
End of test : test_parse_assert_statement
End of test : test_parse_state_label
End of test : test_parse_goto_statement
End of test : test_parse_read_statement
End of test : test_parse_write_statement
End of test : test_parse_bool_expression
End of test : test_parse_bool_expression
End of test : test_parse_bool_expression
End of test : test_parse_bool_expression
End of test : test_parse_bool_expression
End of test : test_parse_bool_expression
End of test : test_parse_bool_expression
End of test : test_parse_check_statement
End of test : test_parse_rwc_statement
End of test : test_parse_rwc_statement
End of test : test_parse_rwc_statement
End of test : test_parse_if_statement_prefix
End of test : test_parse_if_statement_without_goto
End of test : test_parse_end_statement
End of test : test_parse_all_update_statement
End of test : test_parse_specific_update_statement
End of test : test_parse_if_statement_with_goto
End of test : test_parse_edge_statement
End of test : test_parse_transition_statement
End of test : test_parse_state_statement
End of test : test_parse_source_text
