End of test : test_unsigned_number
End of test : test_number
