(init (blocking_assignment (reg_lvalue (identifier (single_identifier (simple_identifier next_state)))) = (expression (primary (identifier (single_identifier (simple_identifier state)))))) ; (blocking_assignment (reg_lvalue (identifier (single_identifier (simple_identifier next_C)))) = (expression (primary (identifier (single_identifier (simple_identifier C)))))) ; (blocking_assignment (reg_lvalue (identifier (single_identifier (simple_identifier next_reg_i)))) = (expression (primary (identifier (single_identifier (simple_identifier reg_i)))))) ;)
