End of test : test_conjunctive_decomposition
End of test : test_conjunctive_decomposition2
End of test : test_xor
End of test : test_xnor_decomposition
