End of test : test_variant2
End of test : test_variant3
End of test : test_assignment_operator
