(init (module_item_declaration (reg_declaration (keyword_reg reg ) (list_of_register_identifiers (register_name (identifier (single_identifier (simple_identifier A))))) ;)))
