(init (expression (expression (primary (identifier (single_identifier (defined_identifier `X_WIDTH))))) - (expression (primary (number (unsigned_number 1))))) ; (expression (expression (primary (identifier (single_identifier (defined_identifier `X_WIDTH))))) - (expression (primary (number (unsigned_number 32))))) ; (expression ( (expression (expression (primary (identifier (single_identifier (defined_identifier `X_WIDTH))))) - (expression (primary (number (unsigned_number 1))))) )) ; (expression ( (expression (expression (primary (identifier (single_identifier (defined_identifier `X_WIDTH))))) - (expression (primary (number (unsigned_number 32))))) )) ;)
