(init (expression (primary (identifier (single_identifier (simple_identifier reg_a))))) ;)
