End of test : test_keyword_begin
End of test : test_parathesis1
End of test : test_ternary_op
End of test : test_structure_with_space
End of test : test_parse_par_asterisk_par
