digraph Protocol {
   rankdir = TD;
   node [ shape = circle, color = lightblue, fontname = "Helvetica"];
   State0 [label="S0"]
   State1 [label="S1"]
   State0 -> Edge0;
   Edge0 -> State1;
   Edge0 [shape=record, color=red, height=.08, fontsize=11, label="(reset)|"]


}
