(expression (primary (identifier (single_identifier (simple_identifier if_a)))))
