(init (literal (character_literal 'csdc sdc cs_dc')))
