line 1:0 no viable alternative at input '01'
(init (literal 01))
