(init (literal (string_literal "scdc\tsdc\tsd")))
