(init (module_declaration (module_keyword (keyword_module module )) (identifier (single_identifier (simple_identifier encoder1))) (list_of_ports ( (port (port_expression (port_reference (identifier (single_identifier (simple_identifier value)))))) , (port (port_expression (port_reference (identifier (single_identifier (simple_identifier gray_code)))))) )) ; (module_item (module_item_declaration (input_declaration (keyword_input input ) (range [ (constant_expression (constant_primary (number (unsigned_number 7)))) : (constant_expression (constant_primary (number (unsigned_number 0)))) ]) (list_of_port_identifiers (identifier (single_identifier (simple_identifier value)))) ;))) (module_item (module_item_declaration (output_declaration (keyword_output \noutput ) (range [ (constant_expression (constant_primary (number (unsigned_number 3)))) : (constant_expression (constant_primary (number (unsigned_number 0)))) ]) (list_of_port_identifiers (identifier (single_identifier (simple_identifier gray_code)))) ;))) (module_item (always_construct (keyword_always always ) (statement (procedural_timing_control_statement (delay_or_event_control (event_control @ ( (event_expression (expression (primary (identifier (single_identifier (simple_identifier value)))))) ))) (statement_or_null (statement (case_statement (keyword_case case ) ( (expression (primary (identifier (single_identifier (simple_identifier value))))) ) (case_item (expression (primary (number (binary_number 8'b0000_0001)))) : (statement_or_null (statement (blocking_assignment (reg_lvalue (identifier (single_identifier (simple_identifier gray_code)))) = (expression (primary (number (binary_number 3'b000))))) ;))) (case_item (expression (primary (number (binary_number 8'b0000_0010)))) : (statement_or_null (statement (blocking_assignment (reg_lvalue (identifier (single_identifier (simple_identifier gray_code)))) = (expression (primary (number (binary_number 3'b001))))) ;))) (case_item (expression (primary (number (binary_number 8'b0000_0100)))) : (statement_or_null (statement (blocking_assignment (reg_lvalue (identifier (single_identifier (simple_identifier gray_code)))) = (expression (primary (number (binary_number 3'b011))))) ;))) (case_item (expression (primary (number (binary_number 8'b0000_1000)))) : (statement_or_null (statement (blocking_assignment (reg_lvalue (identifier (single_identifier (simple_identifier gray_code)))) = (expression (primary (number (binary_number 3'b010))))) ;))) (case_item (expression (primary (number (binary_number 8'b0001_0000)))) : (statement_or_null (statement (blocking_assignment (reg_lvalue (identifier (single_identifier (simple_identifier gray_code)))) = (expression (primary (number (binary_number 3'b110))))) ;))) (case_item (expression (primary (number (binary_number 8'b0010_0000)))) : (statement_or_null (statement (blocking_assignment (reg_lvalue (identifier (single_identifier (simple_identifier gray_code)))) = (expression (primary (number (binary_number 3'b111))))) ;))) (case_item (expression (primary (number (binary_number 8'b0100_0000)))) : (statement_or_null (statement (blocking_assignment (reg_lvalue (identifier (single_identifier (simple_identifier gray_code)))) = (expression (primary (number (binary_number 3'b101))))) ;))) (case_item (expression (primary (number (binary_number 8'b1000_0000)))) : (statement_or_null (statement (blocking_assignment (reg_lvalue (identifier (single_identifier (simple_identifier gray_code)))) = (expression (primary (number (binary_number 3'b100))))) ;))) (keyword_endcase endcase\n)))))))) (keyword_endmodule \nendmodule\n)))
