(init (module_declaration (module_keyword (keyword_module module )) (identifier (single_identifier (simple_identifier multi1))) (list_of_ports ( (port (port_expression (port_reference (identifier (single_identifier (simple_identifier in1)))))) , (port (port_expression (port_reference (identifier (single_identifier (simple_identifier in2)))))) , (port (port_expression (port_reference (identifier (single_identifier (simple_identifier out1)))))) , (port (port_expression (port_reference (identifier (single_identifier (simple_identifier out2)))))) )) ; (module_item (module_item_declaration (input_declaration (keyword_input input ) (range [ (constant_expression (constant_primary (number (unsigned_number 3)))) : (constant_expression (constant_primary (number (unsigned_number 0)))) ]) (list_of_port_identifiers (identifier (single_identifier (simple_identifier in1))) , (identifier (single_identifier (simple_identifier in2)))) ;))) (module_item (module_item_declaration (output_declaration (keyword_output \noutput ) (range [ (constant_expression (constant_primary (number (unsigned_number 3)))) : (constant_expression (constant_primary (number (unsigned_number 0)))) ]) (list_of_port_identifiers (identifier (single_identifier (simple_identifier out1))) , (identifier (single_identifier (simple_identifier out2)))) ;))) (module_item (module_item_declaration (net_declaration (net_type (keyword_wire wire )) (range [ (constant_expression (constant_primary (number (unsigned_number 3)))) : (constant_expression (constant_primary (number (unsigned_number 0)))) ]) (list_of_net_identifiers (identifier (single_identifier (simple_identifier out1)))) ;))) (module_item (module_item_declaration (net_declaration (net_type (keyword_wire \nwire )) (range [ (constant_expression (constant_primary (number (unsigned_number 1)))) : (constant_expression (constant_primary (number (unsigned_number 0)))) ]) (list_of_net_identifiers (identifier (single_identifier (simple_identifier out2)))) ;))) (module_item (continuous_assign (keyword_assign assign ) (list_of_net_assignments (net_assignment (net_lvalue (identifier (single_identifier (simple_identifier out1)))) = (expression (expression (primary (identifier (single_identifier (simple_identifier in1))))) & (expression (primary (identifier (single_identifier (simple_identifier in)))))))) ;)) (module_item (continuous_assign (keyword_assign \nassign ) (list_of_net_assignments (net_assignment (net_lvalue (identifier (single_identifier (simple_identifier out2))) [ (constant_expression (constant_primary (number (unsigned_number 1)))) : (constant_expression (constant_primary (number (unsigned_number 0)))) ]) = (expression (expression (primary (identifier (single_identifier (simple_identifier in1))) [ (expression (primary (number (unsigned_number 3)))) : (expression (primary (number (unsigned_number 2)))) ])) ^ (expression (primary (identifier (single_identifier (simple_identifier in2))) [ (expression (primary (number (unsigned_number 1)))) : (expression (primary (number (unsigned_number 0)))) ]))))) ;)) (module_item (continuous_assign (keyword_assign \nassign ) (list_of_net_assignments (net_assignment (net_lvalue (identifier (single_identifier (simple_identifier out2))) [ (constant_expression (constant_primary (number (unsigned_number 3)))) : (constant_expression (constant_primary (number (unsigned_number 2)))) ]) = (expression (expression (primary (identifier (single_identifier (simple_identifier in1))) [ (expression (primary (number (unsigned_number 1)))) : (expression (primary (number (unsigned_number 0)))) ])) | (expression (primary (identifier (single_identifier (simple_identifier in2))) [ (expression (primary (number (unsigned_number 3)))) : (expression (primary (number (unsigned_number 2)))) ]))))) ;)) (keyword_endmodule endmodule\n)))
