(init (statement (case_statement (keyword_case case ) ( (expression (primary (identifier (single_identifier (simple_identifier state))))) ) (case_item (expression (primary (identifier (single_identifier (simple_identifier STATE_BEGIN))))) : (statement_or_null (statement (blocking_assignment (reg_lvalue (identifier (single_identifier (simple_identifier next_state)))) = (expression (expression ( (expression (primary (identifier (single_identifier (simple_identifier en))))) )) ? (expression (primary (identifier (single_identifier (simple_identifier STATE_OUT_ITER))))) : (expression (primary (identifier (single_identifier (simple_identifier state))))))) ;))) (case_item (expression (primary (identifier (single_identifier (simple_identifier STATE_OUT_ITER))))) : (statement_or_null (statement (blocking_assignment (reg_lvalue (identifier (single_identifier (simple_identifier next_state)))) = (expression (expression ( (expression (expression (primary (identifier (single_identifier (simple_identifier reg_i))))) = = (expression (primary (number (unsigned_number 120))))) )) ? (expression (primary (identifier (single_identifier (simple_identifier STATE_OUTPUT))))) : (expression (primary (identifier (single_identifier (simple_identifier STATE_INNER_ITER))))))) ;))) (keyword_endcase \nendcase\n))))
