(init (statement (conditional_statement (keyword_if if) ( (expression (primary (identifier (single_identifier (simple_identifier reset))))) ) (statement_or_null (statement (seq_block (keyword_begin  begin\n) (statement (non_blocking_assignment (reg_lvalue (identifier (single_identifier (simple_identifier state)))) < = (expression (primary (identifier (single_identifier (simple_identifier STATE_INIT)))))) ;) (statement (non_blocking_assignment (reg_lvalue (identifier (single_identifier (simple_identifier latch_cnt)))) < = (expression (primary (identifier (single_identifier (simple_identifier LATCH_CNT_INIT)))))) ;) (statement (non_blocking_assignment (reg_lvalue (identifier (single_identifier (simple_identifier gauss_iter_en)))) < = (expression (primary (identifier (single_identifier (simple_identifier GAUSS_ITER_EN_INIT)))))) ;) (keyword_end \nend\n)))) (keyword_else else) (statement_or_null (statement (seq_block (keyword_begin  begin\n) (statement (non_blocking_assignment (reg_lvalue (identifier (single_identifier (simple_identifier state)))) < = (expression (primary (identifier (single_identifier (simple_identifier next_state)))))) ;) (statement (non_blocking_assignment (reg_lvalue (identifier (single_identifier (simple_identifier latch_cnt)))) < = (expression (primary (identifier (single_identifier (simple_identifier next_latch_cnt)))))) ;) (statement (non_blocking_assignment (reg_lvalue (identifier (single_identifier (simple_identifier gauss_iter_en)))) < = (expression (primary (identifier (single_identifier (simple_identifier next_gauss_iter_en)))))) ;) (keyword_end \nend\n)))))))
