(init (statement (loop_statement (keyword_for for ) ( (reg_assignment (reg_lvalue (identifier (single_identifier (simple_identifier i)))) = (expression (primary (number (unsigned_number 0))))) ; (expression (expression (primary (identifier (single_identifier (simple_identifier i))))) < (expression (primary (number (unsigned_number 16))))) ; (reg_assignment (reg_lvalue (identifier (single_identifier (simple_identifier i)))) = (expression (expression (primary (identifier (single_identifier (simple_identifier i))))) + (expression (primary (number (unsigned_number 1)))))) ) (statement (loop_statement (keyword_for for ) ( (reg_assignment (reg_lvalue (identifier (single_identifier (simple_identifier k)))) = (expression (primary (number (unsigned_number 0))))) ; (expression (expression (primary (identifier (single_identifier (simple_identifier k))))) < (expression (primary (number (unsigned_number 16))))) ; (reg_assignment (reg_lvalue (identifier (single_identifier (simple_identifier k)))) = (expression (expression (primary (identifier (single_identifier (simple_identifier k))))) + (expression (primary (number (unsigned_number 1)))))) ) (statement (blocking_assignment (reg_lvalue (identifier (single_identifier (simple_identifier A))) [ (expression (primary (identifier (single_identifier (simple_identifier k))))) ] [ (expression (primary (identifier (single_identifier (simple_identifier i))))) ]) = (expression (primary (number (unsigned_number 0))))) ;))))))
