(init (statement (non_blocking_assignment (reg_lvalue (identifier (single_identifier (simple_identifier A)))) < = (expression (primary (identifier (single_identifier (simple_identifier B)))))) ;))
