(init (statement (seq_block (keyword_begin begin\n) (statement (blocking_assignment (reg_lvalue (identifier (single_identifier (simple_identifier next_reg_i)))) = (expression (expression (primary (identifier (single_identifier (simple_identifier reg_i))))) + (expression (primary (number (unsigned_number 1)))))) ;) (statement (blocking_assignment (reg_lvalue (identifier (single_identifier (simple_identifier next_State)))) = (expression (expression ( (expression (expression (primary (identifier (single_identifier (simple_identifier reg_i))))) = = (expression (primary (number (unsigned_number 120))))) )) ? (expression (primary (identifier (single_identifier (simple_identifier STATE_OUT))))) : (expression (primary (identifier (single_identifier (simple_identifier STATE_INNER_ITER))))))) ;) (statement (blocking_assignment (reg_lvalue (identifier (single_identifier (simple_identifier next_C)))) = (expression (primary (identifier (single_identifier (simple_identifier C_DEFAULT)))))) ;) (statement (blocking_assignment (reg_lvalue (identifier (single_identifier (simple_identifier next_reg_k)))) = (expression (primary (identifier (single_identifier (simple_identifier REG_K_DEFAULT)))))) ;) (keyword_end \nend\n))))
